starting n=9
n=9: optimizing layout
n=9: starting greedy candidate generation (2000 starts)
n=9: greedy candidate starts generated (2000)
n=9: CMA-ES restart 1/15 running (seeded)
n=9: CMA-ES restart 1/15 done, best=2.743917
n=9: CMA-ES restart 2/15 running (seeded)
n=9: CMA-ES restart 2/15 done, best=2.743917
n=9: CMA-ES restart 3/15 running (seeded)
n=9: CMA-ES restart 3/15 done, best=2.743917
n=9: CMA-ES restart 4/15 running (seeded)
n=9: CMA-ES restart 4/15 done, best=2.743917
n=9: CMA-ES restart 5/15 running (seeded)
n=9: CMA-ES restart 5/15 done, best=2.743917
n=9: CMA-ES restart 6/15 running (seeded)
n=9: CMA-ES restart 6/15 done, best=2.743917
n=9: CMA-ES restart 7/15 running (seeded)
n=9: CMA-ES restart 7/15 done, best=2.743917
n=9: CMA-ES restart 8/15 running (seeded)
n=9: CMA-ES restart 8/15 done, best=2.743917
n=9: CMA-ES restart 9/15 running (seeded)
n=9: CMA-ES restart 9/15 done, best=2.743917
n=9: CMA-ES restart 10/15 running (seeded)
n=9: CMA-ES restart 10/15 done, best=2.743917
n=9: CMA-ES restart 11/15 running (seeded)
n=9: CMA-ES restart 11/15 done, best=2.743917
n=9: CMA-ES restart 12/15 running (seeded)
n=9: CMA-ES restart 12/15 done, best=2.743917
n=9: CMA-ES restart 13/15 running (seeded)
n=9: CMA-ES restart 13/15 done, best=2.743917
n=9: CMA-ES restart 14/15 running (seeded)
n=9: CMA-ES restart 14/15 done, best=2.743917
n=9: CMA-ES restart 15/15 running (seeded)
n=9: CMA-ES restart 15/15 done, best=2.743917
SLSQP returned infeasible layout; min_constraint=-6.750e-14
n=9: CMA-ES SLSQP refine 1/15, start=2.743917, refined=2.743917, best=2.743917
SLSQP returned infeasible layout; min_constraint=-7.105e-15
n=9: CMA-ES SLSQP refine 2/15, start=2.736843, refined=2.736843, best=2.743917
SLSQP returned infeasible layout; min_constraint=-6.217e-15
n=9: CMA-ES SLSQP refine 3/15, start=2.736843, refined=2.736843, best=2.743917
SLSQP returned infeasible layout; min_constraint=-7.105e-15
n=9: CMA-ES SLSQP refine 4/15, start=2.736843, refined=2.736843, best=2.743917
SLSQP returned infeasible layout; min_constraint=-4.174e-14
n=9: CMA-ES SLSQP refine 5/15, start=2.730776, refined=2.730776, best=2.743917
SLSQP returned infeasible layout; min_constraint=-5.459e-11
n=9: CMA-ES SLSQP refine 6/15, start=2.724774, refined=2.724774, best=2.743917
SLSQP returned infeasible layout; min_constraint=-2.904e-11
n=9: CMA-ES SLSQP refine 7/15, start=2.724774, refined=2.724774, best=2.743917
SLSQP returned infeasible layout; min_constraint=-2.398e-14
n=9: CMA-ES SLSQP refine 8/15, start=2.718837, refined=2.718837, best=2.743917
SLSQP returned infeasible layout; min_constraint=-4.823e-13
n=9: CMA-ES SLSQP refine 9/15, start=2.718553, refined=2.718553, best=2.743917
SLSQP returned infeasible layout; min_constraint=-5.778e-11
n=9: CMA-ES SLSQP refine 10/15, start=2.713904, refined=2.713904, best=2.743917
SLSQP returned infeasible layout; min_constraint=-6.928e-14
n=9: CMA-ES SLSQP refine 11/15, start=2.712966, refined=2.712966, best=2.743917
SLSQP returned infeasible layout; min_constraint=-1.735e-10
n=9: CMA-ES SLSQP refine 12/15, start=2.712966, refined=2.712966, best=2.743917
SLSQP returned infeasible layout; min_constraint=-1.188e-10
n=9: CMA-ES SLSQP refine 13/15, start=2.707162, refined=2.707162, best=2.743917
SLSQP returned infeasible layout; min_constraint=-8.274e-11
n=9: CMA-ES SLSQP refine 14/15, start=2.707162, refined=2.707162, best=2.743917
SLSQP returned infeasible layout; min_constraint=-1.066e-13
n=9: CMA-ES SLSQP refine 15/15, start=2.703301, refined=2.703301, best=2.743917
finished n=9, p*=2.743917
saved results to /run/media/saveas/Secondary-Storage/Masters/AA222/Projects/Project3/code/portfolio_layout_results.csv
saved plots and efficiency results to /run/media/saveas/Secondary-Storage/Masters/AA222/Projects/Project3/code/part1_outputs
